// Jest Snapshot v1, https://goo.gl/fbAQLP

exports[`Does not fail snapshot testing 1`] = `
<div
  className="ant-layout ant-layout-has-sider"
  style={
    Object {
      "minHeight": "100vh",
    }
  }
>
  <div
    className="sider-main ant-layout-sider ant-layout-sider-dark"
    style={
      Object {
        "flex": "0 0 200px",
        "maxWidth": "200px",
        "minWidth": "200px",
        "width": "200px",
      }
    }
  >
    <div
      className="ant-layout-sider-children"
    >
      <div
        className="logo"
      />
      <ul
        className="ant-menu ant-menu-dark ant-menu-root ant-menu-inline"
        onMouseEnter={[Function]}
        onTransitionEnd={[Function]}
        role="menu"
        style={Object {}}
      >
        <li
          className="ant-menu-item"
          onClick={[Function]}
          onMouseEnter={[Function]}
          onMouseLeave={[Function]}
          role="menuitem"
          style={
            Object {
              "paddingLeft": 24,
            }
          }
        >
          <i
            className="anticon anticon-plus"
          >
            <svg
              aria-hidden="true"
              className=""
              data-icon="plus"
              fill="currentColor"
              height="1em"
              viewBox="64 64 896 896"
              width="1em"
            >
              <path
                d="M848 474H550V152h-76v322H176c-4.4 0-8 3.6-8 8v60c0 4.4 3.6 8 8 8h298v322h76V550h298c4.4 0 8-3.6 8-8v-60c0-4.4-3.6-8-8-8z"
              />
            </svg>
          </i>
          <span
            className="nav-text"
          >
            Sign Up
          </span>
        </li>
        <li
          className="ant-menu-item"
          onClick={[Function]}
          onMouseEnter={[Function]}
          onMouseLeave={[Function]}
          role="menuitem"
          style={
            Object {
              "paddingLeft": 24,
            }
          }
        >
          <i
            className="anticon anticon-user"
          >
            <svg
              aria-hidden="true"
              className=""
              data-icon="user"
              fill="currentColor"
              height="1em"
              viewBox="64 64 896 896"
              width="1em"
            >
              <path
                d="M858.5 763.6a374 374 0 0 0-80.6-119.5 375.63 375.63 0 0 0-119.5-80.6c-.4-.2-.8-.3-1.2-.5C719.5 518 760 444.7 760 362c0-137-111-248-248-248S264 225 264 362c0 82.7 40.5 156 102.8 201.1-.4.2-.8.3-1.2.5-44.8 18.9-85 46-119.5 80.6a375.63 375.63 0 0 0-80.6 119.5A371.7 371.7 0 0 0 136 901.8a8 8 0 0 0 8 8.2h60c4.4 0 7.9-3.5 8-7.8 2-77.2 33-149.5 87.8-204.3 56.7-56.7 132-87.9 212.2-87.9s155.5 31.2 212.2 87.9C779 752.7 810 825 812 902.2c.1 4.4 3.6 7.8 8 7.8h60a8 8 0 0 0 8-8.2c-1-47.8-10.9-94.3-29.5-138.2zM512 534c-45.9 0-89.1-17.9-121.6-50.4S340 407.9 340 362c0-45.9 17.9-89.1 50.4-121.6S466.1 190 512 190s89.1 17.9 121.6 50.4S684 316.1 684 362c0 45.9-17.9 89.1-50.4 121.6S557.9 534 512 534z"
              />
            </svg>
          </i>
          <span
            className="nav-text"
          >
            Login
          </span>
        </li>
        <li
          className="ant-menu-item"
          onClick={[Function]}
          onMouseEnter={[Function]}
          onMouseLeave={[Function]}
          role="menuitem"
          style={
            Object {
              "paddingLeft": 24,
            }
          }
        >
          <i
            className="anticon anticon-home"
          >
            <svg
              aria-hidden="true"
              className=""
              data-icon="home"
              fill="currentColor"
              height="1em"
              viewBox="64 64 896 896"
              width="1em"
            >
              <path
                d="M946.5 505L560.1 118.8l-25.9-25.9a31.5 31.5 0 0 0-44.4 0L77.5 505a63.9 63.9 0 0 0-18.8 46c.4 35.2 29.7 63.3 64.9 63.3h42.5V940h691.8V614.3h43.4c17.1 0 33.2-6.7 45.3-18.8a63.6 63.6 0 0 0 18.7-45.3c0-17-6.7-33.1-18.8-45.2zM568 868H456V664h112v204zm217.9-325.7V868H632V640c0-22.1-17.9-40-40-40H432c-22.1 0-40 17.9-40 40v228H238.1V542.3h-96l370-369.7 23.1 23.1L882 542.3h-96.1z"
              />
            </svg>
          </i>
          <span
            className="nav-text"
          >
            Home
          </span>
        </li>
        <li
          className="ant-menu-item ant-menu-item-selected"
          onClick={[Function]}
          onMouseEnter={[Function]}
          onMouseLeave={[Function]}
          role="menuitem"
          style={
            Object {
              "paddingLeft": 24,
            }
          }
        >
          <i
            className="anticon anticon-compass"
          >
            <svg
              aria-hidden="true"
              className=""
              data-icon="compass"
              fill="currentColor"
              height="1em"
              viewBox="64 64 896 896"
              width="1em"
            >
              <path
                d="M512 64C264.6 64 64 264.6 64 512s200.6 448 448 448 448-200.6 448-448S759.4 64 512 64zm0 820c-205.4 0-372-166.6-372-372s166.6-372 372-372 372 166.6 372 372-166.6 372-372 372zm198.4-588.1a32 32 0 0 0-24.5.5L414.9 415 296.4 686c-3.6 8.2-3.6 17.5 0 25.7 3.4 7.8 9.7 13.9 17.7 17 3.8 1.5 7.7 2.2 11.7 2.2 4.4 0 8.7-.9 12.8-2.7l271-118.6 118.5-271a32.06 32.06 0 0 0-17.7-42.7zM576.8 534.4l26.2 26.2-42.4 42.4-26.2-26.2L380 644.4 447.5 490 422 464.4l42.4-42.4 25.5 25.5L644.4 380l-67.6 154.4zM464.4 422L422 464.4l25.5 25.6 86.9 86.8 26.2 26.2 42.4-42.4-26.2-26.2-86.8-86.9z"
              />
            </svg>
          </i>
          <span
            className="nav-text"
          >
            Events
          </span>
        </li>
        <li
          className="ant-menu-item"
          onClick={[Function]}
          onMouseEnter={[Function]}
          onMouseLeave={[Function]}
          role="menuitem"
          style={
            Object {
              "paddingLeft": 24,
            }
          }
        >
          <span
            className="nav-text"
          >
            Profiles
          </span>
        </li>
        <li
          className="ant-menu-item"
          onClick={[Function]}
          onMouseEnter={[Function]}
          onMouseLeave={[Function]}
          role="menuitem"
          style={
            Object {
              "paddingLeft": 24,
            }
          }
        >
          <span
            className="nav-text"
          >
            About Us
          </span>
        </li>
        <li
          className="ant-menu-item"
          onClick={[Function]}
          onMouseEnter={[Function]}
          onMouseLeave={[Function]}
          role="menuitem"
          style={
            Object {
              "paddingLeft": 24,
            }
          }
        >
          <span
            className="nav-text"
          >
            Squadrons
          </span>
        </li>
        <li
          className="ant-menu-item"
          onClick={[Function]}
          onMouseEnter={[Function]}
          onMouseLeave={[Function]}
          role="menuitem"
          style={
            Object {
              "paddingLeft": 24,
            }
          }
        >
          <span
            className="nav-text"
          >
            Recruitment
          </span>
        </li>
        <li
          className="ant-menu-item"
          onClick={[Function]}
          onMouseEnter={[Function]}
          onMouseLeave={[Function]}
          role="menuitem"
          style={
            Object {
              "paddingLeft": 24,
            }
          }
        >
          <span
            className="nav-text"
          >
            Contact Us
          </span>
        </li>
      </ul>
    </div>
  </div>
  <div
    className="ant-layout"
    style={
      Object {
        "background": "#272727",
      }
    }
  >
    <div
      className="ant-layout-header"
      style={
        Object {
          "background": "#fff",
          "margin": "1em 1em 0",
          "minHeight": "350px",
          "padding": 0,
        }
      }
    >
      <div
        className="ant-carousel"
      >
        <div
          className="slick-slider slick-initialized"
        >
          
          <div
            className="slick-list"
          >
            <div
              className="slick-track"
              onMouseEnter={[Function]}
              onMouseLeave={[Function]}
              onMouseOver={[Function]}
              style={
                Object {
                  "opacity": 1,
                }
              }
            />
          </div>
          
          
        </div>
      </div>
    </div>
    <div
      className="ant-layout-content"
      style={
        Object {
          "margin": "1em 1em 0",
        }
      }
    >
      <div
        className="ant-card ant-card-bordered"
        style={
          Object {
            "margin": "0 0 1em 0",
            "width": "100%",
          }
        }
      >
        <div
          className="ant-card-cover"
        >
          <div
            style={
              Object {
                "background": "url(test-file-stub) center center no-repeat",
                "backgroundSize": "cover",
                "maxHeight": "200px",
                "minHeight": "200px",
                "minWidth": "100%",
              }
            }
          />
        </div>
        <div
          className="ant-card-body"
          style={Object {}}
        >
          <div
            className="ant-card-meta"
          >
            <div
              className="ant-card-meta-avatar"
            >
              <span
                className="ant-avatar ant-avatar-circle ant-avatar-image"
                style={Object {}}
              >
                <img
                  onError={[Function]}
                  src="https://zos.alipayobjects.com/rmsportal/ODTLcjxAfvqbxHnVXCYX.png"
                />
              </span>
            </div>
            <div
              className="ant-card-meta-detail"
            >
              <div
                className="ant-card-meta-title"
              >
                Card Title
              </div>
              <div
                className="ant-card-meta-description"
              >
                This is the card body
              </div>
            </div>
          </div>
        </div>
        <ul
          className="ant-card-actions"
        >
          <li
            style={
              Object {
                "width": "33.333333333333336%",
              }
            }
          >
            <span>
              <i
                className="anticon anticon-setting"
              >
                <svg
                  aria-hidden="true"
                  className=""
                  data-icon="setting"
                  fill="currentColor"
                  height="1em"
                  viewBox="64 64 896 896"
                  width="1em"
                >
                  <path
                    d="M924.8 625.7l-65.5-56c3.1-19 4.7-38.4 4.7-57.8s-1.6-38.8-4.7-57.8l65.5-56a32.03 32.03 0 0 0 9.3-35.2l-.9-2.6a443.74 443.74 0 0 0-79.7-137.9l-1.8-2.1a32.12 32.12 0 0 0-35.1-9.5l-81.3 28.9c-30-24.6-63.5-44-99.7-57.6l-15.7-85a32.05 32.05 0 0 0-25.8-25.7l-2.7-.5c-52.1-9.4-106.9-9.4-159 0l-2.7.5a32.05 32.05 0 0 0-25.8 25.7l-15.8 85.4a351.86 351.86 0 0 0-99 57.4l-81.9-29.1a32 32 0 0 0-35.1 9.5l-1.8 2.1a446.02 446.02 0 0 0-79.7 137.9l-.9 2.6c-4.5 12.5-.8 26.5 9.3 35.2l66.3 56.6c-3.1 18.8-4.6 38-4.6 57.1 0 19.2 1.5 38.4 4.6 57.1L99 625.5a32.03 32.03 0 0 0-9.3 35.2l.9 2.6c18.1 50.4 44.9 96.9 79.7 137.9l1.8 2.1a32.12 32.12 0 0 0 35.1 9.5l81.9-29.1c29.8 24.5 63.1 43.9 99 57.4l15.8 85.4a32.05 32.05 0 0 0 25.8 25.7l2.7.5a449.4 449.4 0 0 0 159 0l2.7-.5a32.05 32.05 0 0 0 25.8-25.7l15.7-85a350 350 0 0 0 99.7-57.6l81.3 28.9a32 32 0 0 0 35.1-9.5l1.8-2.1c34.8-41.1 61.6-87.5 79.7-137.9l.9-2.6c4.5-12.3.8-26.3-9.3-35zM788.3 465.9c2.5 15.1 3.8 30.6 3.8 46.1s-1.3 31-3.8 46.1l-6.6 40.1 74.7 63.9a370.03 370.03 0 0 1-42.6 73.6L721 702.8l-31.4 25.8c-23.9 19.6-50.5 35-79.3 45.8l-38.1 14.3-17.9 97a377.5 377.5 0 0 1-85 0l-17.9-97.2-37.8-14.5c-28.5-10.8-55-26.2-78.7-45.7l-31.4-25.9-93.4 33.2c-17-22.9-31.2-47.6-42.6-73.6l75.5-64.5-6.5-40c-2.4-14.9-3.7-30.3-3.7-45.5 0-15.3 1.2-30.6 3.7-45.5l6.5-40-75.5-64.5c11.3-26.1 25.6-50.7 42.6-73.6l93.4 33.2 31.4-25.9c23.7-19.5 50.2-34.9 78.7-45.7l37.9-14.3 17.9-97.2c28.1-3.2 56.8-3.2 85 0l17.9 97 38.1 14.3c28.7 10.8 55.4 26.2 79.3 45.8l31.4 25.8 92.8-32.9c17 22.9 31.2 47.6 42.6 73.6L781.8 426l6.5 39.9zM512 326c-97.2 0-176 78.8-176 176s78.8 176 176 176 176-78.8 176-176-78.8-176-176-176zm79.2 255.2A111.6 111.6 0 0 1 512 614c-29.9 0-58-11.7-79.2-32.8A111.6 111.6 0 0 1 400 502c0-29.9 11.7-58 32.8-79.2C454 401.6 482.1 390 512 390c29.9 0 58 11.6 79.2 32.8A111.6 111.6 0 0 1 624 502c0 29.9-11.7 58-32.8 79.2z"
                  />
                </svg>
              </i>
            </span>
          </li>
          <li
            style={
              Object {
                "width": "33.333333333333336%",
              }
            }
          >
            <span>
              <i
                className="anticon anticon-edit"
              >
                <svg
                  aria-hidden="true"
                  className=""
                  data-icon="edit"
                  fill="currentColor"
                  height="1em"
                  viewBox="64 64 896 896"
                  width="1em"
                >
                  <path
                    d="M257.7 752c2 0 4-.2 6-.5L431.9 722c2-.4 3.9-1.3 5.3-2.8l423.9-423.9a9.96 9.96 0 0 0 0-14.1L694.9 114.9c-1.9-1.9-4.4-2.9-7.1-2.9s-5.2 1-7.1 2.9L256.8 538.8c-1.5 1.5-2.4 3.3-2.8 5.3l-29.5 168.2a33.5 33.5 0 0 0 9.4 29.8c6.6 6.4 14.9 9.9 23.8 9.9zm67.4-174.4L687.8 215l73.3 73.3-362.7 362.6-88.9 15.7 15.6-89zM880 836H144c-17.7 0-32 14.3-32 32v36c0 4.4 3.6 8 8 8h784c4.4 0 8-3.6 8-8v-36c0-17.7-14.3-32-32-32z"
                  />
                </svg>
              </i>
            </span>
          </li>
          <li
            style={
              Object {
                "width": "33.333333333333336%",
              }
            }
          >
            <span>
              <i
                className="anticon anticon-ellipsis"
              >
                <svg
                  aria-hidden="true"
                  className=""
                  data-icon="ellipsis"
                  fill="currentColor"
                  height="1em"
                  viewBox="64 64 896 896"
                  width="1em"
                >
                  <path
                    d="M176 511a56 56 0 1 0 112 0 56 56 0 1 0-112 0zm280 0a56 56 0 1 0 112 0 56 56 0 1 0-112 0zm280 0a56 56 0 1 0 112 0 56 56 0 1 0-112 0z"
                  />
                </svg>
              </i>
            </span>
          </li>
        </ul>
      </div>
      <div
        className="ant-card ant-card-bordered"
        style={
          Object {
            "margin": "0 0 1em 0",
            "width": "100%",
          }
        }
      >
        <div
          className="ant-card-cover"
        >
          <div
            style={
              Object {
                "background": "url(test-file-stub) center center no-repeat",
                "backgroundSize": "cover",
                "maxHeight": "200px",
                "minHeight": "200px",
                "minWidth": "100%",
              }
            }
          />
        </div>
        <div
          className="ant-card-body"
          style={Object {}}
        >
          <div
            className="ant-card-meta"
          >
            <div
              className="ant-card-meta-avatar"
            >
              <span
                className="ant-avatar ant-avatar-circle ant-avatar-image"
                style={Object {}}
              >
                <img
                  onError={[Function]}
                  src="https://zos.alipayobjects.com/rmsportal/ODTLcjxAfvqbxHnVXCYX.png"
                />
              </span>
            </div>
            <div
              className="ant-card-meta-detail"
            >
              <div
                className="ant-card-meta-title"
              >
                Card Title
              </div>
              <div
                className="ant-card-meta-description"
              >
                This is the card body
              </div>
            </div>
          </div>
        </div>
        <ul
          className="ant-card-actions"
        >
          <li
            style={
              Object {
                "width": "33.333333333333336%",
              }
            }
          >
            <span>
              <i
                className="anticon anticon-setting"
              >
                <svg
                  aria-hidden="true"
                  className=""
                  data-icon="setting"
                  fill="currentColor"
                  height="1em"
                  viewBox="64 64 896 896"
                  width="1em"
                >
                  <path
                    d="M924.8 625.7l-65.5-56c3.1-19 4.7-38.4 4.7-57.8s-1.6-38.8-4.7-57.8l65.5-56a32.03 32.03 0 0 0 9.3-35.2l-.9-2.6a443.74 443.74 0 0 0-79.7-137.9l-1.8-2.1a32.12 32.12 0 0 0-35.1-9.5l-81.3 28.9c-30-24.6-63.5-44-99.7-57.6l-15.7-85a32.05 32.05 0 0 0-25.8-25.7l-2.7-.5c-52.1-9.4-106.9-9.4-159 0l-2.7.5a32.05 32.05 0 0 0-25.8 25.7l-15.8 85.4a351.86 351.86 0 0 0-99 57.4l-81.9-29.1a32 32 0 0 0-35.1 9.5l-1.8 2.1a446.02 446.02 0 0 0-79.7 137.9l-.9 2.6c-4.5 12.5-.8 26.5 9.3 35.2l66.3 56.6c-3.1 18.8-4.6 38-4.6 57.1 0 19.2 1.5 38.4 4.6 57.1L99 625.5a32.03 32.03 0 0 0-9.3 35.2l.9 2.6c18.1 50.4 44.9 96.9 79.7 137.9l1.8 2.1a32.12 32.12 0 0 0 35.1 9.5l81.9-29.1c29.8 24.5 63.1 43.9 99 57.4l15.8 85.4a32.05 32.05 0 0 0 25.8 25.7l2.7.5a449.4 449.4 0 0 0 159 0l2.7-.5a32.05 32.05 0 0 0 25.8-25.7l15.7-85a350 350 0 0 0 99.7-57.6l81.3 28.9a32 32 0 0 0 35.1-9.5l1.8-2.1c34.8-41.1 61.6-87.5 79.7-137.9l.9-2.6c4.5-12.3.8-26.3-9.3-35zM788.3 465.9c2.5 15.1 3.8 30.6 3.8 46.1s-1.3 31-3.8 46.1l-6.6 40.1 74.7 63.9a370.03 370.03 0 0 1-42.6 73.6L721 702.8l-31.4 25.8c-23.9 19.6-50.5 35-79.3 45.8l-38.1 14.3-17.9 97a377.5 377.5 0 0 1-85 0l-17.9-97.2-37.8-14.5c-28.5-10.8-55-26.2-78.7-45.7l-31.4-25.9-93.4 33.2c-17-22.9-31.2-47.6-42.6-73.6l75.5-64.5-6.5-40c-2.4-14.9-3.7-30.3-3.7-45.5 0-15.3 1.2-30.6 3.7-45.5l6.5-40-75.5-64.5c11.3-26.1 25.6-50.7 42.6-73.6l93.4 33.2 31.4-25.9c23.7-19.5 50.2-34.9 78.7-45.7l37.9-14.3 17.9-97.2c28.1-3.2 56.8-3.2 85 0l17.9 97 38.1 14.3c28.7 10.8 55.4 26.2 79.3 45.8l31.4 25.8 92.8-32.9c17 22.9 31.2 47.6 42.6 73.6L781.8 426l6.5 39.9zM512 326c-97.2 0-176 78.8-176 176s78.8 176 176 176 176-78.8 176-176-78.8-176-176-176zm79.2 255.2A111.6 111.6 0 0 1 512 614c-29.9 0-58-11.7-79.2-32.8A111.6 111.6 0 0 1 400 502c0-29.9 11.7-58 32.8-79.2C454 401.6 482.1 390 512 390c29.9 0 58 11.6 79.2 32.8A111.6 111.6 0 0 1 624 502c0 29.9-11.7 58-32.8 79.2z"
                  />
                </svg>
              </i>
            </span>
          </li>
          <li
            style={
              Object {
                "width": "33.333333333333336%",
              }
            }
          >
            <span>
              <i
                className="anticon anticon-edit"
              >
                <svg
                  aria-hidden="true"
                  className=""
                  data-icon="edit"
                  fill="currentColor"
                  height="1em"
                  viewBox="64 64 896 896"
                  width="1em"
                >
                  <path
                    d="M257.7 752c2 0 4-.2 6-.5L431.9 722c2-.4 3.9-1.3 5.3-2.8l423.9-423.9a9.96 9.96 0 0 0 0-14.1L694.9 114.9c-1.9-1.9-4.4-2.9-7.1-2.9s-5.2 1-7.1 2.9L256.8 538.8c-1.5 1.5-2.4 3.3-2.8 5.3l-29.5 168.2a33.5 33.5 0 0 0 9.4 29.8c6.6 6.4 14.9 9.9 23.8 9.9zm67.4-174.4L687.8 215l73.3 73.3-362.7 362.6-88.9 15.7 15.6-89zM880 836H144c-17.7 0-32 14.3-32 32v36c0 4.4 3.6 8 8 8h784c4.4 0 8-3.6 8-8v-36c0-17.7-14.3-32-32-32z"
                  />
                </svg>
              </i>
            </span>
          </li>
          <li
            style={
              Object {
                "width": "33.333333333333336%",
              }
            }
          >
            <span>
              <i
                className="anticon anticon-ellipsis"
              >
                <svg
                  aria-hidden="true"
                  className=""
                  data-icon="ellipsis"
                  fill="currentColor"
                  height="1em"
                  viewBox="64 64 896 896"
                  width="1em"
                >
                  <path
                    d="M176 511a56 56 0 1 0 112 0 56 56 0 1 0-112 0zm280 0a56 56 0 1 0 112 0 56 56 0 1 0-112 0zm280 0a56 56 0 1 0 112 0 56 56 0 1 0-112 0z"
                  />
                </svg>
              </i>
            </span>
          </li>
        </ul>
      </div>
      <div
        className="ant-card ant-card-bordered"
        style={
          Object {
            "margin": "0 0 1em 0",
            "width": "100%",
          }
        }
      >
        <div
          className="ant-card-cover"
        >
          <div
            style={
              Object {
                "background": "url(test-file-stub) center center no-repeat",
                "backgroundSize": "cover",
                "maxHeight": "200px",
                "minHeight": "200px",
                "minWidth": "100%",
              }
            }
          />
        </div>
        <div
          className="ant-card-body"
          style={Object {}}
        >
          <div
            className="ant-card-meta"
          >
            <div
              className="ant-card-meta-avatar"
            >
              <span
                className="ant-avatar ant-avatar-circle ant-avatar-image"
                style={Object {}}
              >
                <img
                  onError={[Function]}
                  src="https://zos.alipayobjects.com/rmsportal/ODTLcjxAfvqbxHnVXCYX.png"
                />
              </span>
            </div>
            <div
              className="ant-card-meta-detail"
            >
              <div
                className="ant-card-meta-title"
              >
                Card Title
              </div>
              <div
                className="ant-card-meta-description"
              >
                This is the card body
              </div>
            </div>
          </div>
        </div>
        <ul
          className="ant-card-actions"
        >
          <li
            style={
              Object {
                "width": "33.333333333333336%",
              }
            }
          >
            <span>
              <i
                className="anticon anticon-setting"
              >
                <svg
                  aria-hidden="true"
                  className=""
                  data-icon="setting"
                  fill="currentColor"
                  height="1em"
                  viewBox="64 64 896 896"
                  width="1em"
                >
                  <path
                    d="M924.8 625.7l-65.5-56c3.1-19 4.7-38.4 4.7-57.8s-1.6-38.8-4.7-57.8l65.5-56a32.03 32.03 0 0 0 9.3-35.2l-.9-2.6a443.74 443.74 0 0 0-79.7-137.9l-1.8-2.1a32.12 32.12 0 0 0-35.1-9.5l-81.3 28.9c-30-24.6-63.5-44-99.7-57.6l-15.7-85a32.05 32.05 0 0 0-25.8-25.7l-2.7-.5c-52.1-9.4-106.9-9.4-159 0l-2.7.5a32.05 32.05 0 0 0-25.8 25.7l-15.8 85.4a351.86 351.86 0 0 0-99 57.4l-81.9-29.1a32 32 0 0 0-35.1 9.5l-1.8 2.1a446.02 446.02 0 0 0-79.7 137.9l-.9 2.6c-4.5 12.5-.8 26.5 9.3 35.2l66.3 56.6c-3.1 18.8-4.6 38-4.6 57.1 0 19.2 1.5 38.4 4.6 57.1L99 625.5a32.03 32.03 0 0 0-9.3 35.2l.9 2.6c18.1 50.4 44.9 96.9 79.7 137.9l1.8 2.1a32.12 32.12 0 0 0 35.1 9.5l81.9-29.1c29.8 24.5 63.1 43.9 99 57.4l15.8 85.4a32.05 32.05 0 0 0 25.8 25.7l2.7.5a449.4 449.4 0 0 0 159 0l2.7-.5a32.05 32.05 0 0 0 25.8-25.7l15.7-85a350 350 0 0 0 99.7-57.6l81.3 28.9a32 32 0 0 0 35.1-9.5l1.8-2.1c34.8-41.1 61.6-87.5 79.7-137.9l.9-2.6c4.5-12.3.8-26.3-9.3-35zM788.3 465.9c2.5 15.1 3.8 30.6 3.8 46.1s-1.3 31-3.8 46.1l-6.6 40.1 74.7 63.9a370.03 370.03 0 0 1-42.6 73.6L721 702.8l-31.4 25.8c-23.9 19.6-50.5 35-79.3 45.8l-38.1 14.3-17.9 97a377.5 377.5 0 0 1-85 0l-17.9-97.2-37.8-14.5c-28.5-10.8-55-26.2-78.7-45.7l-31.4-25.9-93.4 33.2c-17-22.9-31.2-47.6-42.6-73.6l75.5-64.5-6.5-40c-2.4-14.9-3.7-30.3-3.7-45.5 0-15.3 1.2-30.6 3.7-45.5l6.5-40-75.5-64.5c11.3-26.1 25.6-50.7 42.6-73.6l93.4 33.2 31.4-25.9c23.7-19.5 50.2-34.9 78.7-45.7l37.9-14.3 17.9-97.2c28.1-3.2 56.8-3.2 85 0l17.9 97 38.1 14.3c28.7 10.8 55.4 26.2 79.3 45.8l31.4 25.8 92.8-32.9c17 22.9 31.2 47.6 42.6 73.6L781.8 426l6.5 39.9zM512 326c-97.2 0-176 78.8-176 176s78.8 176 176 176 176-78.8 176-176-78.8-176-176-176zm79.2 255.2A111.6 111.6 0 0 1 512 614c-29.9 0-58-11.7-79.2-32.8A111.6 111.6 0 0 1 400 502c0-29.9 11.7-58 32.8-79.2C454 401.6 482.1 390 512 390c29.9 0 58 11.6 79.2 32.8A111.6 111.6 0 0 1 624 502c0 29.9-11.7 58-32.8 79.2z"
                  />
                </svg>
              </i>
            </span>
          </li>
          <li
            style={
              Object {
                "width": "33.333333333333336%",
              }
            }
          >
            <span>
              <i
                className="anticon anticon-edit"
              >
                <svg
                  aria-hidden="true"
                  className=""
                  data-icon="edit"
                  fill="currentColor"
                  height="1em"
                  viewBox="64 64 896 896"
                  width="1em"
                >
                  <path
                    d="M257.7 752c2 0 4-.2 6-.5L431.9 722c2-.4 3.9-1.3 5.3-2.8l423.9-423.9a9.96 9.96 0 0 0 0-14.1L694.9 114.9c-1.9-1.9-4.4-2.9-7.1-2.9s-5.2 1-7.1 2.9L256.8 538.8c-1.5 1.5-2.4 3.3-2.8 5.3l-29.5 168.2a33.5 33.5 0 0 0 9.4 29.8c6.6 6.4 14.9 9.9 23.8 9.9zm67.4-174.4L687.8 215l73.3 73.3-362.7 362.6-88.9 15.7 15.6-89zM880 836H144c-17.7 0-32 14.3-32 32v36c0 4.4 3.6 8 8 8h784c4.4 0 8-3.6 8-8v-36c0-17.7-14.3-32-32-32z"
                  />
                </svg>
              </i>
            </span>
          </li>
          <li
            style={
              Object {
                "width": "33.333333333333336%",
              }
            }
          >
            <span>
              <i
                className="anticon anticon-ellipsis"
              >
                <svg
                  aria-hidden="true"
                  className=""
                  data-icon="ellipsis"
                  fill="currentColor"
                  height="1em"
                  viewBox="64 64 896 896"
                  width="1em"
                >
                  <path
                    d="M176 511a56 56 0 1 0 112 0 56 56 0 1 0-112 0zm280 0a56 56 0 1 0 112 0 56 56 0 1 0-112 0zm280 0a56 56 0 1 0 112 0 56 56 0 1 0-112 0z"
                  />
                </svg>
              </i>
            </span>
          </li>
        </ul>
      </div>
      <div
        className="ant-card ant-card-bordered"
        style={
          Object {
            "margin": "0 0 1em 0",
            "width": "100%",
          }
        }
      >
        <div
          className="ant-card-cover"
        >
          <div
            style={
              Object {
                "background": "url(test-file-stub) center center no-repeat",
                "backgroundSize": "cover",
                "maxHeight": "200px",
                "minHeight": "200px",
                "minWidth": "100%",
              }
            }
          />
        </div>
        <div
          className="ant-card-body"
          style={Object {}}
        >
          <div
            className="ant-card-meta"
          >
            <div
              className="ant-card-meta-avatar"
            >
              <span
                className="ant-avatar ant-avatar-circle ant-avatar-image"
                style={Object {}}
              >
                <img
                  onError={[Function]}
                  src="https://zos.alipayobjects.com/rmsportal/ODTLcjxAfvqbxHnVXCYX.png"
                />
              </span>
            </div>
            <div
              className="ant-card-meta-detail"
            >
              <div
                className="ant-card-meta-title"
              >
                Card Title
              </div>
              <div
                className="ant-card-meta-description"
              >
                This is the card body
              </div>
            </div>
          </div>
        </div>
        <ul
          className="ant-card-actions"
        >
          <li
            style={
              Object {
                "width": "33.333333333333336%",
              }
            }
          >
            <span>
              <i
                className="anticon anticon-setting"
              >
                <svg
                  aria-hidden="true"
                  className=""
                  data-icon="setting"
                  fill="currentColor"
                  height="1em"
                  viewBox="64 64 896 896"
                  width="1em"
                >
                  <path
                    d="M924.8 625.7l-65.5-56c3.1-19 4.7-38.4 4.7-57.8s-1.6-38.8-4.7-57.8l65.5-56a32.03 32.03 0 0 0 9.3-35.2l-.9-2.6a443.74 443.74 0 0 0-79.7-137.9l-1.8-2.1a32.12 32.12 0 0 0-35.1-9.5l-81.3 28.9c-30-24.6-63.5-44-99.7-57.6l-15.7-85a32.05 32.05 0 0 0-25.8-25.7l-2.7-.5c-52.1-9.4-106.9-9.4-159 0l-2.7.5a32.05 32.05 0 0 0-25.8 25.7l-15.8 85.4a351.86 351.86 0 0 0-99 57.4l-81.9-29.1a32 32 0 0 0-35.1 9.5l-1.8 2.1a446.02 446.02 0 0 0-79.7 137.9l-.9 2.6c-4.5 12.5-.8 26.5 9.3 35.2l66.3 56.6c-3.1 18.8-4.6 38-4.6 57.1 0 19.2 1.5 38.4 4.6 57.1L99 625.5a32.03 32.03 0 0 0-9.3 35.2l.9 2.6c18.1 50.4 44.9 96.9 79.7 137.9l1.8 2.1a32.12 32.12 0 0 0 35.1 9.5l81.9-29.1c29.8 24.5 63.1 43.9 99 57.4l15.8 85.4a32.05 32.05 0 0 0 25.8 25.7l2.7.5a449.4 449.4 0 0 0 159 0l2.7-.5a32.05 32.05 0 0 0 25.8-25.7l15.7-85a350 350 0 0 0 99.7-57.6l81.3 28.9a32 32 0 0 0 35.1-9.5l1.8-2.1c34.8-41.1 61.6-87.5 79.7-137.9l.9-2.6c4.5-12.3.8-26.3-9.3-35zM788.3 465.9c2.5 15.1 3.8 30.6 3.8 46.1s-1.3 31-3.8 46.1l-6.6 40.1 74.7 63.9a370.03 370.03 0 0 1-42.6 73.6L721 702.8l-31.4 25.8c-23.9 19.6-50.5 35-79.3 45.8l-38.1 14.3-17.9 97a377.5 377.5 0 0 1-85 0l-17.9-97.2-37.8-14.5c-28.5-10.8-55-26.2-78.7-45.7l-31.4-25.9-93.4 33.2c-17-22.9-31.2-47.6-42.6-73.6l75.5-64.5-6.5-40c-2.4-14.9-3.7-30.3-3.7-45.5 0-15.3 1.2-30.6 3.7-45.5l6.5-40-75.5-64.5c11.3-26.1 25.6-50.7 42.6-73.6l93.4 33.2 31.4-25.9c23.7-19.5 50.2-34.9 78.7-45.7l37.9-14.3 17.9-97.2c28.1-3.2 56.8-3.2 85 0l17.9 97 38.1 14.3c28.7 10.8 55.4 26.2 79.3 45.8l31.4 25.8 92.8-32.9c17 22.9 31.2 47.6 42.6 73.6L781.8 426l6.5 39.9zM512 326c-97.2 0-176 78.8-176 176s78.8 176 176 176 176-78.8 176-176-78.8-176-176-176zm79.2 255.2A111.6 111.6 0 0 1 512 614c-29.9 0-58-11.7-79.2-32.8A111.6 111.6 0 0 1 400 502c0-29.9 11.7-58 32.8-79.2C454 401.6 482.1 390 512 390c29.9 0 58 11.6 79.2 32.8A111.6 111.6 0 0 1 624 502c0 29.9-11.7 58-32.8 79.2z"
                  />
                </svg>
              </i>
            </span>
          </li>
          <li
            style={
              Object {
                "width": "33.333333333333336%",
              }
            }
          >
            <span>
              <i
                className="anticon anticon-edit"
              >
                <svg
                  aria-hidden="true"
                  className=""
                  data-icon="edit"
                  fill="currentColor"
                  height="1em"
                  viewBox="64 64 896 896"
                  width="1em"
                >
                  <path
                    d="M257.7 752c2 0 4-.2 6-.5L431.9 722c2-.4 3.9-1.3 5.3-2.8l423.9-423.9a9.96 9.96 0 0 0 0-14.1L694.9 114.9c-1.9-1.9-4.4-2.9-7.1-2.9s-5.2 1-7.1 2.9L256.8 538.8c-1.5 1.5-2.4 3.3-2.8 5.3l-29.5 168.2a33.5 33.5 0 0 0 9.4 29.8c6.6 6.4 14.9 9.9 23.8 9.9zm67.4-174.4L687.8 215l73.3 73.3-362.7 362.6-88.9 15.7 15.6-89zM880 836H144c-17.7 0-32 14.3-32 32v36c0 4.4 3.6 8 8 8h784c4.4 0 8-3.6 8-8v-36c0-17.7-14.3-32-32-32z"
                  />
                </svg>
              </i>
            </span>
          </li>
          <li
            style={
              Object {
                "width": "33.333333333333336%",
              }
            }
          >
            <span>
              <i
                className="anticon anticon-ellipsis"
              >
                <svg
                  aria-hidden="true"
                  className=""
                  data-icon="ellipsis"
                  fill="currentColor"
                  height="1em"
                  viewBox="64 64 896 896"
                  width="1em"
                >
                  <path
                    d="M176 511a56 56 0 1 0 112 0 56 56 0 1 0-112 0zm280 0a56 56 0 1 0 112 0 56 56 0 1 0-112 0zm280 0a56 56 0 1 0 112 0 56 56 0 1 0-112 0z"
                  />
                </svg>
              </i>
            </span>
          </li>
        </ul>
      </div>
      <div
        className="ant-card ant-card-bordered"
        style={
          Object {
            "margin": "0 0 1em 0",
            "width": "100%",
          }
        }
      >
        <div
          className="ant-card-cover"
        >
          <div
            style={
              Object {
                "background": "url(test-file-stub) center center no-repeat",
                "backgroundSize": "cover",
                "maxHeight": "200px",
                "minHeight": "200px",
                "minWidth": "100%",
              }
            }
          />
        </div>
        <div
          className="ant-card-body"
          style={Object {}}
        >
          <div
            className="ant-card-meta"
          >
            <div
              className="ant-card-meta-avatar"
            >
              <span
                className="ant-avatar ant-avatar-circle ant-avatar-image"
                style={Object {}}
              >
                <img
                  onError={[Function]}
                  src="https://zos.alipayobjects.com/rmsportal/ODTLcjxAfvqbxHnVXCYX.png"
                />
              </span>
            </div>
            <div
              className="ant-card-meta-detail"
            >
              <div
                className="ant-card-meta-title"
              >
                Card Title
              </div>
              <div
                className="ant-card-meta-description"
              >
                This is the card body
              </div>
            </div>
          </div>
        </div>
        <ul
          className="ant-card-actions"
        >
          <li
            style={
              Object {
                "width": "33.333333333333336%",
              }
            }
          >
            <span>
              <i
                className="anticon anticon-setting"
              >
                <svg
                  aria-hidden="true"
                  className=""
                  data-icon="setting"
                  fill="currentColor"
                  height="1em"
                  viewBox="64 64 896 896"
                  width="1em"
                >
                  <path
                    d="M924.8 625.7l-65.5-56c3.1-19 4.7-38.4 4.7-57.8s-1.6-38.8-4.7-57.8l65.5-56a32.03 32.03 0 0 0 9.3-35.2l-.9-2.6a443.74 443.74 0 0 0-79.7-137.9l-1.8-2.1a32.12 32.12 0 0 0-35.1-9.5l-81.3 28.9c-30-24.6-63.5-44-99.7-57.6l-15.7-85a32.05 32.05 0 0 0-25.8-25.7l-2.7-.5c-52.1-9.4-106.9-9.4-159 0l-2.7.5a32.05 32.05 0 0 0-25.8 25.7l-15.8 85.4a351.86 351.86 0 0 0-99 57.4l-81.9-29.1a32 32 0 0 0-35.1 9.5l-1.8 2.1a446.02 446.02 0 0 0-79.7 137.9l-.9 2.6c-4.5 12.5-.8 26.5 9.3 35.2l66.3 56.6c-3.1 18.8-4.6 38-4.6 57.1 0 19.2 1.5 38.4 4.6 57.1L99 625.5a32.03 32.03 0 0 0-9.3 35.2l.9 2.6c18.1 50.4 44.9 96.9 79.7 137.9l1.8 2.1a32.12 32.12 0 0 0 35.1 9.5l81.9-29.1c29.8 24.5 63.1 43.9 99 57.4l15.8 85.4a32.05 32.05 0 0 0 25.8 25.7l2.7.5a449.4 449.4 0 0 0 159 0l2.7-.5a32.05 32.05 0 0 0 25.8-25.7l15.7-85a350 350 0 0 0 99.7-57.6l81.3 28.9a32 32 0 0 0 35.1-9.5l1.8-2.1c34.8-41.1 61.6-87.5 79.7-137.9l.9-2.6c4.5-12.3.8-26.3-9.3-35zM788.3 465.9c2.5 15.1 3.8 30.6 3.8 46.1s-1.3 31-3.8 46.1l-6.6 40.1 74.7 63.9a370.03 370.03 0 0 1-42.6 73.6L721 702.8l-31.4 25.8c-23.9 19.6-50.5 35-79.3 45.8l-38.1 14.3-17.9 97a377.5 377.5 0 0 1-85 0l-17.9-97.2-37.8-14.5c-28.5-10.8-55-26.2-78.7-45.7l-31.4-25.9-93.4 33.2c-17-22.9-31.2-47.6-42.6-73.6l75.5-64.5-6.5-40c-2.4-14.9-3.7-30.3-3.7-45.5 0-15.3 1.2-30.6 3.7-45.5l6.5-40-75.5-64.5c11.3-26.1 25.6-50.7 42.6-73.6l93.4 33.2 31.4-25.9c23.7-19.5 50.2-34.9 78.7-45.7l37.9-14.3 17.9-97.2c28.1-3.2 56.8-3.2 85 0l17.9 97 38.1 14.3c28.7 10.8 55.4 26.2 79.3 45.8l31.4 25.8 92.8-32.9c17 22.9 31.2 47.6 42.6 73.6L781.8 426l6.5 39.9zM512 326c-97.2 0-176 78.8-176 176s78.8 176 176 176 176-78.8 176-176-78.8-176-176-176zm79.2 255.2A111.6 111.6 0 0 1 512 614c-29.9 0-58-11.7-79.2-32.8A111.6 111.6 0 0 1 400 502c0-29.9 11.7-58 32.8-79.2C454 401.6 482.1 390 512 390c29.9 0 58 11.6 79.2 32.8A111.6 111.6 0 0 1 624 502c0 29.9-11.7 58-32.8 79.2z"
                  />
                </svg>
              </i>
            </span>
          </li>
          <li
            style={
              Object {
                "width": "33.333333333333336%",
              }
            }
          >
            <span>
              <i
                className="anticon anticon-edit"
              >
                <svg
                  aria-hidden="true"
                  className=""
                  data-icon="edit"
                  fill="currentColor"
                  height="1em"
                  viewBox="64 64 896 896"
                  width="1em"
                >
                  <path
                    d="M257.7 752c2 0 4-.2 6-.5L431.9 722c2-.4 3.9-1.3 5.3-2.8l423.9-423.9a9.96 9.96 0 0 0 0-14.1L694.9 114.9c-1.9-1.9-4.4-2.9-7.1-2.9s-5.2 1-7.1 2.9L256.8 538.8c-1.5 1.5-2.4 3.3-2.8 5.3l-29.5 168.2a33.5 33.5 0 0 0 9.4 29.8c6.6 6.4 14.9 9.9 23.8 9.9zm67.4-174.4L687.8 215l73.3 73.3-362.7 362.6-88.9 15.7 15.6-89zM880 836H144c-17.7 0-32 14.3-32 32v36c0 4.4 3.6 8 8 8h784c4.4 0 8-3.6 8-8v-36c0-17.7-14.3-32-32-32z"
                  />
                </svg>
              </i>
            </span>
          </li>
          <li
            style={
              Object {
                "width": "33.333333333333336%",
              }
            }
          >
            <span>
              <i
                className="anticon anticon-ellipsis"
              >
                <svg
                  aria-hidden="true"
                  className=""
                  data-icon="ellipsis"
                  fill="currentColor"
                  height="1em"
                  viewBox="64 64 896 896"
                  width="1em"
                >
                  <path
                    d="M176 511a56 56 0 1 0 112 0 56 56 0 1 0-112 0zm280 0a56 56 0 1 0 112 0 56 56 0 1 0-112 0zm280 0a56 56 0 1 0 112 0 56 56 0 1 0-112 0z"
                  />
                </svg>
              </i>
            </span>
          </li>
        </ul>
      </div>
    </div>
    <div
      className="ant-layout-footer"
      style={
        Object {
          "background": "#272727",
          "color": "#aaa",
          "textAlign": "center",
        }
      }
    >
      132nd Virtual Wing ©2019
    </div>
  </div>
</div>
`;
